// Jest Snapshot v1, https://goo.gl/fbAQLP

exports[`Render Offer 1`] = `
<main
  className="page__main page__main--property"
>
  <section
    className="property"
  >
    <div>
      <h1>
        3g4g
      </h1>
      <ul>
        <li>
          123
        </li>
        <li>
          223
        </li>
      </ul>
    </div>
    <div
      className="property__container container"
    >
      <div
        className="property__wrapper"
      />
    </div>
  </section>
  <div
    className="container"
  >
    <section
      className="near-places places"
    >
      <h2
        className="near-places__title"
      >
        Other places in the neighbourhood
      </h2>
      <div
        className="near-places__list places__list"
      />
    </section>
  </div>
</main>
`;
